WARNING: A terminally deprecated method in sun.misc.Unsafe has been called
WARNING: sun.misc.Unsafe::staticFieldBase has been called by com.google.inject.internal.aop.HiddenClassDefiner (file:/opt/homebrew/Cellar/maven/3.9.11/libexec/lib/guice-5.1.0-classes.jar)
WARNING: Please consider reporting this to the maintainers of class com.google.inject.internal.aop.HiddenClassDefiner
WARNING: sun.misc.Unsafe::staticFieldBase will be removed in a future release
[INFO] Scanning for projects...
[INFO] 
[INFO] --------------------< org.example:APCParkingSystem >--------------------
[INFO] Building APCParkingSystem 1.0-SNAPSHOT
[INFO]   from pom.xml
[INFO] --------------------------------[ jar ]---------------------------------
[INFO] 
[INFO] >>> spring-boot:2.7.18:run (default-cli) > test-compile @ APCParkingSystem >>>
[INFO] 
[INFO] --- resources:3.3.1:resources (default-resources) @ APCParkingSystem ---
[INFO] Copying 2 resources from src/main/resources to target/classes
[INFO] 
[INFO] --- compiler:3.11.0:compile (default-compile) @ APCParkingSystem ---
[INFO] Changes detected - recompiling the module! :source
[INFO] Compiling 33 source files with javac [debug release 17] to target/classes
[INFO] /Users/piyush/Projects/ParkingManagmentSystem/src/main/java/com/apc/parking/config/SecurityConfig.java: /Users/piyush/Projects/ParkingManagmentSystem/src/main/java/com/apc/parking/config/SecurityConfig.java uses or overrides a deprecated API.
[INFO] /Users/piyush/Projects/ParkingManagmentSystem/src/main/java/com/apc/parking/config/SecurityConfig.java: Recompile with -Xlint:deprecation for details.
[INFO] -------------------------------------------------------------
[ERROR] COMPILATION ERROR : 
[INFO] -------------------------------------------------------------
[ERROR] /Users/piyush/Projects/ParkingManagmentSystem/src/main/java/com/apc/parking/controller/ParkingLotController.java:[171,32] cannot find symbol
  symbol:   class Reservation
  location: class com.apc.parking.controller.ParkingLotController
[ERROR] /Users/piyush/Projects/ParkingManagmentSystem/src/main/java/com/apc/parking/controller/ParkingLotController.java:[175,18] cannot find symbol
  symbol:   class Reservation
  location: class com.apc.parking.controller.ParkingLotController
[ERROR] /Users/piyush/Projects/ParkingManagmentSystem/src/main/java/com/apc/parking/controller/ParkingLotController.java:[179,37] incompatible types: inferred type does not conform to equality constraint(s)
    inferred: java.lang.Object
    equality constraints(s): java.util.List<Reservation>
[ERROR] /Users/piyush/Projects/ParkingManagmentSystem/src/main/java/com/apc/parking/controller/ParkingLotController.java:[181,53] incompatible types: inferred type does not conform to equality constraint(s)
    inferred: java.lang.Object
    equality constraints(s): java.util.List<Reservation>
[INFO] 4 errors 
[INFO] -------------------------------------------------------------
[INFO] ------------------------------------------------------------------------
[INFO] BUILD FAILURE
[INFO] ------------------------------------------------------------------------
[INFO] Total time:  2.775 s
[INFO] Finished at: 2025-09-28T15:18:03+05:30
[INFO] ------------------------------------------------------------------------
[ERROR] Failed to execute goal org.apache.maven.plugins:maven-compiler-plugin:3.11.0:compile (default-compile) on project APCParkingSystem: Compilation failure: Compilation failure: 
[ERROR] /Users/piyush/Projects/ParkingManagmentSystem/src/main/java/com/apc/parking/controller/ParkingLotController.java:[171,32] cannot find symbol
[ERROR]   symbol:   class Reservation
[ERROR]   location: class com.apc.parking.controller.ParkingLotController
[ERROR] /Users/piyush/Projects/ParkingManagmentSystem/src/main/java/com/apc/parking/controller/ParkingLotController.java:[175,18] cannot find symbol
[ERROR]   symbol:   class Reservation
[ERROR]   location: class com.apc.parking.controller.ParkingLotController
[ERROR] /Users/piyush/Projects/ParkingManagmentSystem/src/main/java/com/apc/parking/controller/ParkingLotController.java:[179,37] incompatible types: inferred type does not conform to equality constraint(s)
[ERROR]     inferred: java.lang.Object
[ERROR]     equality constraints(s): java.util.List<Reservation>
[ERROR] /Users/piyush/Projects/ParkingManagmentSystem/src/main/java/com/apc/parking/controller/ParkingLotController.java:[181,53] incompatible types: inferred type does not conform to equality constraint(s)
[ERROR]     inferred: java.lang.Object
[ERROR]     equality constraints(s): java.util.List<Reservation>
[ERROR] -> [Help 1]
[ERROR] 
[ERROR] To see the full stack trace of the errors, re-run Maven with the -e switch.
[ERROR] Re-run Maven using the -X switch to enable full debug logging.
[ERROR] 
[ERROR] For more information about the errors and possible solutions, please read the following articles:
[ERROR] [Help 1] http://cwiki.apache.org/confluence/display/MAVEN/MojoFailureException
